../Drivers/CMSIS/Include/core_cm4.h:1688:22:__NVIC_EnableIRQ	16	static
../Drivers/CMSIS/Include/core_cm4.h:1724:22:__NVIC_DisableIRQ	16	static,ignoring_inline_asm
../Drivers/CMSIS/Include/core_cm4.h:1816:22:__NVIC_SetPriority	16	static
../Core/Src/main.c:94:6:init_GPIO	4	static
../Core/Src/main.c:112:6:init_Interrupt	8	static
../Core/Src/main.c:130:6:init_TIM2	8	static
../Core/Src/main.c:140:6:TIM2_IRQHandler	4	static
../Core/Src/main.c:167:6:EXTI0_IRQHandler	4	static
../Core/Src/main.c:178:6:EXTI9_5_IRQHandler	4	static
../Core/Src/main.c:189:6:main	8	static
